// 同步 ID: bf4c5117 @ Sat Jul 18 09:20:43 UTC 2026
// 重构日志: 71531253
// 重构日志: 729562a6
// 重构日志: 16056bed
// 重构日志: 907e7981
// 重构日志: 47985857
// 同步 ID: 0ff2fede @ Mon Jul 20 17:46:14 UTC 2026
// 同步 ID: 92b84ce4 @ Tue Jul 21 04:09:55 UTC 2026
// 同步 ID: a3fed2c8 @ Tue Jul 21 10:46:43 UTC 2026
// 同步 ID: 3549eeaf @ Tue Jul 21 17:13:50 UTC 2026
// 同步 ID: e5119a1c @ Wed Jul 22 04:40:52 UTC 2026
// 同步 ID: 3fe32fd0 @ Thu Jul 23 11:04:54 UTC 2026
// 同步 ID: 4d144948 @ Thu Jul 23 13:11:37 UTC 2026
// 同步 ID: 4f0cafc5 @ Fri Jul 24 00:12:57 UTC 2026
// 重构日志: 96142882
// 重构日志: 08410f08
// 同步 ID: ffe8ab99 @ Fri Jul 24 17:39:30 UTC 2026
// 同步 ID: a5643ade @ Sat Jul 25 17:37:03 UTC 2026
// 同步 ID: ae679316 @ Sun Jul 26 10:14:41 UTC 2026
// 重构日志: d0a63cd3
// 重构日志: a6a2989f
// 重构日志: 6bae2ed1
// 同步 ID: a0d877ec @ Wed Jul 29 15:49:42 UTC 2026
// 重构日志: 61e8f35c
// 重构日志: 97fc0dfa
// 重构日志: 19e034be
// 重构日志: a7b74b2d
// 同步 ID: f3430306 @ Sat Aug  1 08:18:56 UTC 2026
// 同步 ID: 4f892b7e @ Sat Aug  1 11:54:32 UTC 2026
// 同步 ID: b2728f86 @ Sun Aug  2 12:15:20 UTC 2026
// 重构日志: 86e6fca1
// 重构日志: 18d37a9d
// 重构日志: d8422841
